---
source: crates/hoocode-code-main/tests/replay.rs
description: "recorded from hoocode a6cd96e7 by harness.py record; never accept hoocode output here"
expression: print-error
---
## exit
1

## stdout


## stderr
400 invalid request: mock rejects this

## session 1/1
{"type":"session","version":3,"id":"<id-1>","timestamp":"<masked>","cwd":"<WORK>"}
{"type":"model_change","id":"<id-2>","parentId":null,"timestamp":"<masked>","provider":"mock","modelId":"mock-model"}
{"type":"thinking_level_change","id":"<id-3>","parentId":"<id-2>","timestamp":"<masked>","thinkingLevel":"off"}
{"type":"message","id":"<id-4>","parentId":"<id-3>","timestamp":"<masked>","message":{"role":"user","content":[{"type":"text","text":"say hello"}],"timestamp":"<masked>"}}
{"type":"message","id":"<id-5>","parentId":"<id-4>","timestamp":"<masked>","message":{"role":"assistant","content":[],"api":"openai-completions","provider":"mock","model":"mock-model","usage":{"input":0,"output":0,"cacheRead":0,"cacheWrite":0,"totalTokens":0,"cost":{"input":0,"output":0,"cacheRead":0,"cacheWrite":0,"total":0}},"stopReason":"error","timestamp":"<masked>","errorMessage":"400 invalid request: mock rejects this"}}
